###############################################################
#  Generated by:      Cadence Tempus 20.10-p003_1
#  OS:                Linux x86_64(Host ID edatools-server2.iiitd.edu.in)
#  Generated on:      Tue Oct 28 20:49:41 2025
#  Design:            syn_netlist_top
#  Command:           report_timing -retime path_slew_propagation -max_path 5 -nworst 5 -path_type full_clock > $report_dir/pba.rpt  
###############################################################
Path 1: MET Late External Delay Assertion 
Endpoint:   out         (^) checked with  leading edge of 'clk'
Beginpoint: u_out_reg/Q (v) triggered by  leading edge of 'clk'
Path Groups: {clk}
Retime Analysis { Data Path-Slew }
Other End Arrival Time          0.000
- External Delay                2.000
+ Phase Shift                   7.500
+ Cycle Adjustment             22.500
= Required Time                28.000
- Arrival Time                  0.924
= Slack Time                   27.076
= Slack Time(original)         27.076
     Clock Rise Edge                      0.000
     = Beginpoint Arrival Time            0.000
      ------------------------------------------------------------------
      Instance   Arc          Cell             Retime  Arrival  Required  
                                               Delay   Time     Time  
      ------------------------------------------------------------------
      -          clk ^        -                -       0.000    27.076  
      u_out_reg  -            DFFX1            0.000   0.000    27.076  
      u_out_reg  CK ^ -> Q v  DFFX1            0.340   0.340    27.416  
      u_N3       -            INVX1            0.000   0.340    27.416  
      u_N3       A v -> Y ^   INVX1            0.584   0.924    28.000  
      -          -            syn_netlist_top  0.000   0.924    28.000  
      ------------------------------------------------------------------
Path 2: MET Late External Delay Assertion 
Endpoint:   out         (v) checked with  leading edge of 'clk'
Beginpoint: u_out_reg/Q (^) triggered by  leading edge of 'clk'
Path Groups: {clk}
Retime Analysis { Data Path-Slew }
Other End Arrival Time          0.000
- External Delay                2.000
+ Phase Shift                   7.500
+ Cycle Adjustment             22.500
= Required Time                28.000
- Arrival Time                  0.768
= Slack Time                   27.232
= Slack Time(original)         27.232
     Clock Rise Edge                      0.000
     = Beginpoint Arrival Time            0.000
      ------------------------------------------------------------------
      Instance   Arc          Cell             Retime  Arrival  Required  
                                               Delay   Time     Time  
      ------------------------------------------------------------------
      -          clk ^        -                -       0.000    27.232  
      u_out_reg  -            DFFX1            0.000   0.000    27.232  
      u_out_reg  CK ^ -> Q ^  DFFX1            0.284   0.284    27.516  
      u_N3       -            INVX1            0.000   0.284    27.516  
      u_N3       A ^ -> Y v   INVX1            0.484   0.768    28.000  
      -          -            syn_netlist_top  0.000   0.768    28.000  
      ------------------------------------------------------------------
Path 3: MET Setup Check with Pin u_q1_reg/CK 
Endpoint:   u_q1_reg/D (^) checked with  leading edge of 'clk'
Beginpoint: a          (v) triggered by  leading edge of 'clk'
Path Groups: {clk}
Retime Analysis { Data Path-Slew }
Other End Arrival Time          0.000
- Setup                         0.186
+ Phase Shift                   7.500
+ Cycle Adjustment             22.500
= Required Time                29.814
- Arrival Time                  2.025
= Slack Time                   27.789
= Slack Time(original)         27.789
     Clock Rise Edge                      0.000
     + Input Delay                        2.000
     = Beginpoint Arrival Time            2.000
     Timing Path:
      ------------------------------------------------------
      Instance  Arc         Cell   Retime  Arrival  Required  
                                   Delay   Time     Time  
      ------------------------------------------------------
      -         a v         -      -       2.000    29.789  
      u_N1      -           INVX1  0.000   2.000    29.789  
      u_N1      A v -> Y ^  INVX1  0.025   2.025    29.814  
      u_q1_reg  -           DFFX1  0.000   2.025    29.814  
      ------------------------------------------------------
     Clock Rise Edge                      0.000
     = Beginpoint Arrival Time            0.000
     Other End Path:
      ------------------------------------------------------
      Instance  Arc         Cell   Retime  Arrival  Required  
                                   Delay   Time     Time  
      ------------------------------------------------------
      -         clk ^       -      -       0.000    -27.789  
      u_C1      -           INVX1  0.000   0.000    -27.789  
      u_C1      A ^ -> Y v  INVX1  0.000   0.000    -27.789  
      u_C2      -           INVX1  0.000   0.000    -27.789  
      u_C2      A v -> Y ^  INVX1  0.000   0.000    -27.789  
      u_q1_reg  -           DFFX1  0.000   0.000    -27.789  
      ------------------------------------------------------
Path 4: MET Setup Check with Pin u_q2_reg/CK 
Endpoint:   u_q2_reg/D (^) checked with  leading edge of 'clk'
Beginpoint: b          (^) triggered by  leading edge of 'clk'
Path Groups: {clk}
Retime Analysis { Data Path-Slew }
Other End Arrival Time          0.000
- Setup                         0.203
+ Phase Shift                   7.500
+ Cycle Adjustment             22.500
= Required Time                29.798
- Arrival Time                  2.000
= Slack Time                   27.798
= Slack Time(original)         27.798
     Clock Rise Edge                      0.000
     + Input Delay                        2.000
     = Beginpoint Arrival Time            2.000
     Timing Path:
      -----------------------------------------------
      Instance  Arc  Cell   Retime  Arrival  Required  
                            Delay   Time     Time  
      -----------------------------------------------
      -         b ^  -      -       2.000    29.798  
      u_q2_reg  -    DFFX1  0.000   2.000    29.798  
      -----------------------------------------------
     Clock Rise Edge                      0.000
     = Beginpoint Arrival Time            0.000
     Other End Path:
      ------------------------------------------------------
      Instance  Arc         Cell   Retime  Arrival  Required  
                                   Delay   Time     Time  
      ------------------------------------------------------
      -         clk ^       -      -       0.000    -27.798  
      u_C1      -           INVX1  0.000   0.000    -27.798  
      u_C1      A ^ -> Y v  INVX1  0.000   0.000    -27.798  
      u_C2      -           INVX1  0.000   0.000    -27.798  
      u_C2      A v -> Y ^  INVX1  0.000   0.000    -27.798  
      u_q2_reg  -           DFFX1  0.000   0.000    -27.798  
      ------------------------------------------------------
Path 5: MET Setup Check with Pin u_q1_reg/CK 
Endpoint:   u_q1_reg/D (v) checked with  leading edge of 'clk'
Beginpoint: a          (^) triggered by  leading edge of 'clk'
Path Groups: {clk}
Retime Analysis { Data Path-Slew }
Other End Arrival Time          0.000
- Setup                         0.096
+ Phase Shift                   7.500
+ Cycle Adjustment             22.500
= Required Time                29.904
- Arrival Time                  2.021
= Slack Time                   27.883
= Slack Time(original)         27.883
     Clock Rise Edge                      0.000
     + Input Delay                        2.000
     = Beginpoint Arrival Time            2.000
     Timing Path:
      ------------------------------------------------------
      Instance  Arc         Cell   Retime  Arrival  Required  
                                   Delay   Time     Time  
      ------------------------------------------------------
      -         a ^         -      -       2.000    29.883  
      u_N1      -           INVX1  0.000   2.000    29.883  
      u_N1      A ^ -> Y v  INVX1  0.021   2.021    29.904  
      u_q1_reg  -           DFFX1  0.000   2.021    29.904  
      ------------------------------------------------------
     Clock Rise Edge                      0.000
     = Beginpoint Arrival Time            0.000
     Other End Path:
      ------------------------------------------------------
      Instance  Arc         Cell   Retime  Arrival  Required  
                                   Delay   Time     Time  
      ------------------------------------------------------
      -         clk ^       -      -       0.000    -27.883  
      u_C1      -           INVX1  0.000   0.000    -27.883  
      u_C1      A ^ -> Y v  INVX1  0.000   0.000    -27.883  
      u_C2      -           INVX1  0.000   0.000    -27.883  
      u_C2      A v -> Y ^  INVX1  0.000   0.000    -27.883  
      u_q1_reg  -           DFFX1  0.000   0.000    -27.883  
      ------------------------------------------------------

