###############################################################
#  Generated by:      Cadence Tempus 20.10-p003_1
#  OS:                Linux x86_64(Host ID edatools-server2.iiitd.edu.in)
#  Generated on:      Tue Oct 28 20:49:41 2025
#  Design:            syn_netlist_top
#  Command:           report_timing -nworst 5 -late > $report_dir/timing_setup.rpt
###############################################################
Path 1: MET Late External Delay Assertion 
Endpoint:   out         (^) checked with  leading edge of 'clk'
Beginpoint: u_out_reg/Q (v) triggered by  leading edge of 'clk'
Path Groups: {clk}
Other End Arrival Time          0.000
- External Delay                2.000
+ Phase Shift                   7.500
+ Cycle Adjustment             22.500
= Required Time                28.000
- Arrival Time                  0.924
= Slack Time                   27.076
     Clock Rise Edge                 0.000
     + Clock Network Latency (Ideal) 0.000
     = Beginpoint Arrival Time       0.000
      -------------------------------------------------------
      Instance   Arc          Cell   Delay  Arrival  Required  
                                            Time     Time  
      -------------------------------------------------------
      u_out_reg  CK ^         -      -      0.000    27.076  
      u_out_reg  CK ^ -> Q v  DFFX1  0.340  0.340    27.416  
      u_N3       A v -> Y ^   INVX1  0.584  0.924    28.000  
      -          out ^        -      0.000  0.924    28.000  
      -------------------------------------------------------
Path 2: MET Late External Delay Assertion 
Endpoint:   out         (v) checked with  leading edge of 'clk'
Beginpoint: u_out_reg/Q (^) triggered by  leading edge of 'clk'
Path Groups: {clk}
Other End Arrival Time          0.000
- External Delay                2.000
+ Phase Shift                   7.500
+ Cycle Adjustment             22.500
= Required Time                28.000
- Arrival Time                  0.768
= Slack Time                   27.232
     Clock Rise Edge                 0.000
     + Clock Network Latency (Ideal) 0.000
     = Beginpoint Arrival Time       0.000
      -------------------------------------------------------
      Instance   Arc          Cell   Delay  Arrival  Required  
                                            Time     Time  
      -------------------------------------------------------
      u_out_reg  CK ^         -      -      0.000    27.232  
      u_out_reg  CK ^ -> Q ^  DFFX1  0.284  0.284    27.516  
      u_N3       A ^ -> Y v   INVX1  0.484  0.768    28.000  
      -          out v        -      0.000  0.768    28.000  
      -------------------------------------------------------
Path 3: MET Setup Check with Pin u_q1_reg/CK 
Endpoint:   u_q1_reg/D (^) checked with  leading edge of 'clk'
Beginpoint: a          (v) triggered by  leading edge of 'clk'
Path Groups: {clk}
Other End Arrival Time          0.000
- Setup                         0.186
+ Phase Shift                   7.500
+ Cycle Adjustment             22.500
= Required Time                29.814
- Arrival Time                  2.025
= Slack Time                   27.789
     Clock Rise Edge                      0.000
     + Input Delay                        2.000
     = Beginpoint Arrival Time            2.000
      -----------------------------------------------------
      Instance  Arc         Cell   Delay  Arrival  Required  
                                          Time     Time  
      -----------------------------------------------------
      -         a v         -      -      2.000    29.789  
      u_N1      A v -> Y ^  INVX1  0.025  2.025    29.814  
      u_q1_reg  D ^         DFFX1  0.000  2.025    29.814  
      -----------------------------------------------------
Path 4: MET Setup Check with Pin u_q2_reg/CK 
Endpoint:   u_q2_reg/D (^) checked with  leading edge of 'clk'
Beginpoint: b          (^) triggered by  leading edge of 'clk'
Path Groups: {clk}
Other End Arrival Time          0.000
- Setup                         0.202
+ Phase Shift                   7.500
+ Cycle Adjustment             22.500
= Required Time                29.798
- Arrival Time                  2.000
= Slack Time                   27.798
     Clock Rise Edge                      0.000
     + Input Delay                        2.000
     = Beginpoint Arrival Time            2.000
      ----------------------------------------------
      Instance  Arc  Cell   Delay  Arrival  Required  
                                   Time     Time  
      ----------------------------------------------
      -         b ^  -      -      2.000    29.798  
      u_q2_reg  D ^  DFFX1  0.000  2.000    29.798  
      ----------------------------------------------
Path 5: MET Setup Check with Pin u_q1_reg/CK 
Endpoint:   u_q1_reg/D (v) checked with  leading edge of 'clk'
Beginpoint: a          (^) triggered by  leading edge of 'clk'
Path Groups: {clk}
Other End Arrival Time          0.000
- Setup                         0.096
+ Phase Shift                   7.500
+ Cycle Adjustment             22.500
= Required Time                29.904
- Arrival Time                  2.021
= Slack Time                   27.883
     Clock Rise Edge                      0.000
     + Input Delay                        2.000
     = Beginpoint Arrival Time            2.000
      -----------------------------------------------------
      Instance  Arc         Cell   Delay  Arrival  Required  
                                          Time     Time  
      -----------------------------------------------------
      -         a ^         -      -      2.000    29.883  
      u_N1      A ^ -> Y v  INVX1  0.021  2.021    29.904  
      u_q1_reg  D v         DFFX1  0.000  2.021    29.904  
      -----------------------------------------------------

