###############################################################
#  Generated by:      Cadence Tempus 20.10-p003_1
#  OS:                Linux x86_64(Host ID edatools-server2.iiitd.edu.in)
#  Generated on:      Tue Oct 28 20:49:41 2025
#  Design:            syn_netlist_top
#  Command:           report_timing > $report_dir/timing_report.rpt
###############################################################
Path 1: MET Late External Delay Assertion 
Endpoint:   out         (^) checked with  leading edge of 'clk'
Beginpoint: u_out_reg/Q (v) triggered by  leading edge of 'clk'
Path Groups: {clk}
Other End Arrival Time          0.000
- External Delay                2.000
+ Phase Shift                   7.500
+ Cycle Adjustment             22.500
= Required Time                28.000
- Arrival Time                  0.924
= Slack Time                   27.076
     Clock Rise Edge                 0.000
     + Clock Network Latency (Ideal) 0.000
     = Beginpoint Arrival Time       0.000
      -------------------------------------------------------
      Instance   Arc          Cell   Delay  Arrival  Required  
                                            Time     Time  
      -------------------------------------------------------
      u_out_reg  CK ^         -      -      0.000    27.076  
      u_out_reg  CK ^ -> Q v  DFFX1  0.340  0.340    27.416  
      u_N3       A v -> Y ^   INVX1  0.584  0.924    28.000  
      -          out ^        -      0.000  0.924    28.000  
      -------------------------------------------------------

