###############################################################
#  Generated by:      Cadence Tempus 20.10-p003_1
#  OS:                Linux x86_64(Host ID edatools-server2.iiitd.edu.in)
#  Generated on:      Tue Oct 28 20:49:41 2025
#  Design:            syn_netlist_top
#  Command:           report_timing -nworst 5 -early > $report_dir/timing_hold.rpt
###############################################################
Path 1: MET Hold Check with Pin u_out_reg/CK 
Endpoint:   u_out_reg/D (^) checked with  leading edge of 'clk'
Beginpoint: u_q1_reg/Q  (^) triggered by  leading edge of 'clk'
Path Groups: {clk}
Other End Arrival Time          0.000
+ Hold                          0.011
+ Phase Shift                   0.000
- Cycle Adjustment              0.000
= Required Time                 0.011
  Arrival Time                  0.363
  Slack Time                    0.352
     Clock Rise Edge                 0.000
     + Clock Network Latency (Ideal) 0.000
     = Beginpoint Arrival Time       0.000
      -------------------------------------------------------
      Instance   Arc          Cell   Delay  Arrival  Required  
                                            Time     Time  
      -------------------------------------------------------
      u_q1_reg   CK ^         -      -      0.000    -0.352  
      u_q1_reg   CK ^ -> Q ^  DFFX1  0.275  0.275    -0.077  
      u_A1       A ^ -> Y ^   OR2X1  0.088  0.363    0.011  
      u_out_reg  D ^          DFFX1  0.000  0.363    0.011  
      -------------------------------------------------------
Path 2: MET Hold Check with Pin u_out_reg/CK 
Endpoint:   u_out_reg/D (v) checked with  leading edge of 'clk'
Beginpoint: u_q2_reg/Q  (^) triggered by  leading edge of 'clk'
Path Groups: {clk}
Other End Arrival Time          0.000
+ Hold                          0.018
+ Phase Shift                   0.000
- Cycle Adjustment              0.000
= Required Time                 0.018
  Arrival Time                  0.437
  Slack Time                    0.419
     Clock Rise Edge                 0.000
     + Clock Network Latency (Ideal) 0.000
     = Beginpoint Arrival Time       0.000
      -------------------------------------------------------
      Instance   Arc          Cell   Delay  Arrival  Required  
                                            Time     Time  
      -------------------------------------------------------
      u_q2_reg   CK ^         -      -      0.000    -0.419  
      u_q2_reg   CK ^ -> Q ^  DFFX1  0.284  0.284    -0.135  
      u_N2       A ^ -> Y v   INVX1  0.032  0.316    -0.103  
      u_A1       B v -> Y v   OR2X1  0.121  0.437    0.018  
      u_out_reg  D v          DFFX1  0.000  0.437    0.018  
      -------------------------------------------------------
Path 3: MET Hold Check with Pin u_out_reg/CK 
Endpoint:   u_out_reg/D (^) checked with  leading edge of 'clk'
Beginpoint: u_q2_reg/Q  (v) triggered by  leading edge of 'clk'
Path Groups: {clk}
Other End Arrival Time          0.000
+ Hold                          0.011
+ Phase Shift                   0.000
- Cycle Adjustment              0.000
= Required Time                 0.011
  Arrival Time                  0.455
  Slack Time                    0.444
     Clock Rise Edge                 0.000
     + Clock Network Latency (Ideal) 0.000
     = Beginpoint Arrival Time       0.000
      -------------------------------------------------------
      Instance   Arc          Cell   Delay  Arrival  Required  
                                            Time     Time  
      -------------------------------------------------------
      u_q2_reg   CK ^         -      -      0.000    -0.444  
      u_q2_reg   CK ^ -> Q v  DFFX1  0.340  0.340    -0.104  
      u_N2       A v -> Y ^   INVX1  0.038  0.378    -0.066  
      u_A1       B ^ -> Y ^   OR2X1  0.077  0.455    0.011  
      u_out_reg  D ^          DFFX1  0.000  0.455    0.011  
      -------------------------------------------------------
Path 4: MET Hold Check with Pin u_out_reg/CK 
Endpoint:   u_out_reg/D (v) checked with  leading edge of 'clk'
Beginpoint: u_q1_reg/Q  (v) triggered by  leading edge of 'clk'
Path Groups: {clk}
Other End Arrival Time          0.000
+ Hold                          0.018
+ Phase Shift                   0.000
- Cycle Adjustment              0.000
= Required Time                 0.018
  Arrival Time                  0.467
  Slack Time                    0.449
     Clock Rise Edge                 0.000
     + Clock Network Latency (Ideal) 0.000
     = Beginpoint Arrival Time       0.000
      -------------------------------------------------------
      Instance   Arc          Cell   Delay  Arrival  Required  
                                            Time     Time  
      -------------------------------------------------------
      u_q1_reg   CK ^         -      -      0.000    -0.449  
      u_q1_reg   CK ^ -> Q v  DFFX1  0.332  0.332    -0.117  
      u_A1       A v -> Y v   OR2X1  0.135  0.467    0.018  
      u_out_reg  D v          DFFX1  0.000  0.467    0.018  
      -------------------------------------------------------
Path 5: MET Hold Check with Pin u_q2_reg/CK 
Endpoint:   u_q2_reg/D (v) checked with  leading edge of 'clk'
Beginpoint: b          (v) triggered by  leading edge of 'clk'
Path Groups: {clk}
Other End Arrival Time          0.000
+ Hold                          0.079
+ Phase Shift                   0.000
- Cycle Adjustment              0.000
= Required Time                 0.079
  Arrival Time                  2.000
  Slack Time                    1.921
     Clock Rise Edge                      0.000
     + Input Delay                        2.000
     = Beginpoint Arrival Time            2.000
      ----------------------------------------------
      Instance  Arc  Cell   Delay  Arrival  Required  
                                   Time     Time  
      ----------------------------------------------
      -         b v  -      -      2.000    0.079  
      u_q2_reg  D v  DFFX1  0.000  2.000    0.079  
      ----------------------------------------------

